// Jest Snapshot v1, https://goo.gl/fbAQLP

exports[`components/viewHeader/filterEntry return filterEntry 1`] = `
<div>
  <div
    class="FilterEntry"
  >
    <div
      aria-label="menuwrapper"
      class="MenuWrapper"
      role="button"
    >
      <button
        class="Button"
        type="button"
      >
        <span>
          (unknown)
        </span>
      </button>
      <div
        class="Menu noselect bottom"
      >
        <div
          class="menu-contents"
        >
          <div
            class="menu-options"
          >
            <div
              aria-label="Status"
              class="MenuOption TextOption menu-option"
              role="button"
            >
              <div
                class="noicon"
              />
              <div
                class="menu-name"
              >
                Status
              </div>
              <div
                class="noicon"
              />
            </div>
            <div
              aria-label="Property 1"
              class="MenuOption TextOption menu-option"
              role="button"
            >
              <div
                class="noicon"
              />
              <div
                class="menu-name"
              >
                Property 1
              </div>
              <div
                class="noicon"
              />
            </div>
            <div
              aria-label="Property 2"
              class="MenuOption TextOption menu-option"
              role="button"
            >
              <div
                class="noicon"
              />
              <div
                class="menu-name"
              >
                Property 2
              </div>
              <div
                class="noicon"
              />
            </div>
            <div
              aria-label="Property 3"
              class="MenuOption TextOption menu-option"
              role="button"
            >
              <div
                class="noicon"
              />
              <div
                class="menu-name"
              >
                Property 3
              </div>
              <div
                class="noicon"
              />
            </div>
          </div>
          <div
            class="menu-spacer hideOnWidescreen"
          />
          <div
            class="menu-options hideOnWidescreen"
          >
            <div
              aria-label="Cancel"
              class="MenuOption TextOption menu-option menu-cancel"
              role="button"
            >
              <div
                class="noicon"
              />
              <div
                class="menu-name"
              >
                Cancel
              </div>
              <div
                class="noicon"
              />
            </div>
          </div>
        </div>
      </div>
    </div>
    <div
      aria-label="menuwrapper"
      class="MenuWrapper"
      role="button"
    >
      <button
        class="Button"
        type="button"
      >
        <span>
          includes
        </span>
      </button>
    </div>
    <div
      class="octo-spacer"
    />
    <button
      class="Button"
      type="button"
    >
      <span>
        Delete
      </span>
    </button>
  </div>
</div>
`;

exports[`components/viewHeader/filterEntry return filterEntry and click on delete 1`] = `
<div>
  <div
    class="FilterEntry"
  >
    <div
      aria-label="menuwrapper"
      class="MenuWrapper"
      role="button"
    >
      <button
        class="Button"
        type="button"
      >
        <span>
          (unknown)
        </span>
      </button>
    </div>
    <div
      aria-label="menuwrapper"
      class="MenuWrapper"
      role="button"
    >
      <button
        class="Button"
        type="button"
      >
        <span>
          includes
        </span>
      </button>
      <div
        class="Menu noselect bottom"
      >
        <div
          class="menu-contents"
        >
          <div
            class="menu-options"
          >
            <div
              aria-label="includes"
              class="MenuOption TextOption menu-option"
              role="button"
            >
              <div
                class="noicon"
              />
              <div
                class="menu-name"
              >
                includes
              </div>
              <div
                class="noicon"
              />
            </div>
            <div
              aria-label="doesn't include"
              class="MenuOption TextOption menu-option"
              role="button"
            >
              <div
                class="noicon"
              />
              <div
                class="menu-name"
              >
                doesn't include
              </div>
              <div
                class="noicon"
              />
            </div>
            <div
              aria-label="is empty"
              class="MenuOption TextOption menu-option"
              role="button"
            >
              <div
                class="noicon"
              />
              <div
                class="menu-name"
              >
                is empty
              </div>
              <div
                class="noicon"
              />
            </div>
            <div
              aria-label="is not empty"
              class="MenuOption TextOption menu-option"
              role="button"
            >
              <div
                class="noicon"
              />
              <div
                class="menu-name"
              >
                is not empty
              </div>
              <div
                class="noicon"
              />
            </div>
          </div>
          <div
            class="menu-spacer hideOnWidescreen"
          />
          <div
            class="menu-options hideOnWidescreen"
          >
            <div
              aria-label="Cancel"
              class="MenuOption TextOption menu-option menu-cancel"
              role="button"
            >
              <div
                class="noicon"
              />
              <div
                class="menu-name"
              >
                Cancel
              </div>
              <div
                class="noicon"
              />
            </div>
          </div>
        </div>
      </div>
    </div>
    <div
      class="octo-spacer"
    />
    <button
      class="Button"
      type="button"
    >
      <span>
        Delete
      </span>
    </button>
  </div>
</div>
`;

exports[`components/viewHeader/filterEntry return filterEntry and click on doesn't include 1`] = `
<div>
  <div
    class="FilterEntry"
  >
    <div
      aria-label="menuwrapper"
      class="MenuWrapper"
      role="button"
    >
      <button
        class="Button"
        type="button"
      >
        <span>
          (unknown)
        </span>
      </button>
    </div>
    <div
      aria-label="menuwrapper"
      class="MenuWrapper"
      role="button"
    >
      <button
        class="Button"
        type="button"
      >
        <span>
          includes
        </span>
      </button>
      <div
        class="Menu noselect bottom"
      >
        <div
          class="menu-contents"
        >
          <div
            class="menu-options"
          >
            <div
              aria-label="includes"
              class="MenuOption TextOption menu-option"
              role="button"
            >
              <div
                class="noicon"
              />
              <div
                class="menu-name"
              >
                includes
              </div>
              <div
                class="noicon"
              />
            </div>
            <div
              aria-label="doesn't include"
              class="MenuOption TextOption menu-option"
              role="button"
            >
              <div
                class="noicon"
              />
              <div
                class="menu-name"
              >
                doesn't include
              </div>
              <div
                class="noicon"
              />
            </div>
            <div
              aria-label="is empty"
              class="MenuOption TextOption menu-option"
              role="button"
            >
              <div
                class="noicon"
              />
              <div
                class="menu-name"
              >
                is empty
              </div>
              <div
                class="noicon"
              />
            </div>
            <div
              aria-label="is not empty"
              class="MenuOption TextOption menu-option"
              role="button"
            >
              <div
                class="noicon"
              />
              <div
                class="menu-name"
              >
                is not empty
              </div>
              <div
                class="noicon"
              />
            </div>
          </div>
          <div
            class="menu-spacer hideOnWidescreen"
          />
          <div
            class="menu-options hideOnWidescreen"
          >
            <div
              aria-label="Cancel"
              class="MenuOption TextOption menu-option menu-cancel"
              role="button"
            >
              <div
                class="noicon"
              />
              <div
                class="menu-name"
              >
                Cancel
              </div>
              <div
                class="noicon"
              />
            </div>
          </div>
        </div>
      </div>
    </div>
    <div
      class="octo-spacer"
    />
    <button
      class="Button"
      type="button"
    >
      <span>
        Delete
      </span>
    </button>
  </div>
</div>
`;

exports[`components/viewHeader/filterEntry return filterEntry and click on includes 1`] = `
<div>
  <div
    class="FilterEntry"
  >
    <div
      aria-label="menuwrapper"
      class="MenuWrapper"
      role="button"
    >
      <button
        class="Button"
        type="button"
      >
        <span>
          (unknown)
        </span>
      </button>
    </div>
    <div
      aria-label="menuwrapper"
      class="MenuWrapper"
      role="button"
    >
      <button
        class="Button"
        type="button"
      >
        <span>
          includes
        </span>
      </button>
      <div
        class="Menu noselect bottom"
      >
        <div
          class="menu-contents"
        >
          <div
            class="menu-options"
          >
            <div
              aria-label="includes"
              class="MenuOption TextOption menu-option"
              role="button"
            >
              <div
                class="noicon"
              />
              <div
                class="menu-name"
              >
                includes
              </div>
              <div
                class="noicon"
              />
            </div>
            <div
              aria-label="doesn't include"
              class="MenuOption TextOption menu-option"
              role="button"
            >
              <div
                class="noicon"
              />
              <div
                class="menu-name"
              >
                doesn't include
              </div>
              <div
                class="noicon"
              />
            </div>
            <div
              aria-label="is empty"
              class="MenuOption TextOption menu-option"
              role="button"
            >
              <div
                class="noicon"
              />
              <div
                class="menu-name"
              >
                is empty
              </div>
              <div
                class="noicon"
              />
            </div>
            <div
              aria-label="is not empty"
              class="MenuOption TextOption menu-option"
              role="button"
            >
              <div
                class="noicon"
              />
              <div
                class="menu-name"
              >
                is not empty
              </div>
              <div
                class="noicon"
              />
            </div>
          </div>
          <div
            class="menu-spacer hideOnWidescreen"
          />
          <div
            class="menu-options hideOnWidescreen"
          >
            <div
              aria-label="Cancel"
              class="MenuOption TextOption menu-option menu-cancel"
              role="button"
            >
              <div
                class="noicon"
              />
              <div
                class="menu-name"
              >
                Cancel
              </div>
              <div
                class="noicon"
              />
            </div>
          </div>
        </div>
      </div>
    </div>
    <div
      class="octo-spacer"
    />
    <button
      class="Button"
      type="button"
    >
      <span>
        Delete
      </span>
    </button>
  </div>
</div>
`;

exports[`components/viewHeader/filterEntry return filterEntry and click on is empty 1`] = `
<div>
  <div
    class="FilterEntry"
  >
    <div
      aria-label="menuwrapper"
      class="MenuWrapper"
      role="button"
    >
      <button
        class="Button"
        type="button"
      >
        <span>
          (unknown)
        </span>
      </button>
    </div>
    <div
      aria-label="menuwrapper"
      class="MenuWrapper"
      role="button"
    >
      <button
        class="Button"
        type="button"
      >
        <span>
          includes
        </span>
      </button>
      <div
        class="Menu noselect bottom"
      >
        <div
          class="menu-contents"
        >
          <div
            class="menu-options"
          >
            <div
              aria-label="includes"
              class="MenuOption TextOption menu-option"
              role="button"
            >
              <div
                class="noicon"
              />
              <div
                class="menu-name"
              >
                includes
              </div>
              <div
                class="noicon"
              />
            </div>
            <div
              aria-label="doesn't include"
              class="MenuOption TextOption menu-option"
              role="button"
            >
              <div
                class="noicon"
              />
              <div
                class="menu-name"
              >
                doesn't include
              </div>
              <div
                class="noicon"
              />
            </div>
            <div
              aria-label="is empty"
              class="MenuOption TextOption menu-option"
              role="button"
            >
              <div
                class="noicon"
              />
              <div
                class="menu-name"
              >
                is empty
              </div>
              <div
                class="noicon"
              />
            </div>
            <div
              aria-label="is not empty"
              class="MenuOption TextOption menu-option"
              role="button"
            >
              <div
                class="noicon"
              />
              <div
                class="menu-name"
              >
                is not empty
              </div>
              <div
                class="noicon"
              />
            </div>
          </div>
          <div
            class="menu-spacer hideOnWidescreen"
          />
          <div
            class="menu-options hideOnWidescreen"
          >
            <div
              aria-label="Cancel"
              class="MenuOption TextOption menu-option menu-cancel"
              role="button"
            >
              <div
                class="noicon"
              />
              <div
                class="menu-name"
              >
                Cancel
              </div>
              <div
                class="noicon"
              />
            </div>
          </div>
        </div>
      </div>
    </div>
    <div
      class="octo-spacer"
    />
    <button
      class="Button"
      type="button"
    >
      <span>
        Delete
      </span>
    </button>
  </div>
</div>
`;

exports[`components/viewHeader/filterEntry return filterEntry and click on is not empty 1`] = `
<div>
  <div
    class="FilterEntry"
  >
    <div
      aria-label="menuwrapper"
      class="MenuWrapper"
      role="button"
    >
      <button
        class="Button"
        type="button"
      >
        <span>
          (unknown)
        </span>
      </button>
    </div>
    <div
      aria-label="menuwrapper"
      class="MenuWrapper"
      role="button"
    >
      <button
        class="Button"
        type="button"
      >
        <span>
          includes
        </span>
      </button>
      <div
        class="Menu noselect bottom"
      >
        <div
          class="menu-contents"
        >
          <div
            class="menu-options"
          >
            <div
              aria-label="includes"
              class="MenuOption TextOption menu-option"
              role="button"
            >
              <div
                class="noicon"
              />
              <div
                class="menu-name"
              >
                includes
              </div>
              <div
                class="noicon"
              />
            </div>
            <div
              aria-label="doesn't include"
              class="MenuOption TextOption menu-option"
              role="button"
            >
              <div
                class="noicon"
              />
              <div
                class="menu-name"
              >
                doesn't include
              </div>
              <div
                class="noicon"
              />
            </div>
            <div
              aria-label="is empty"
              class="MenuOption TextOption menu-option"
              role="button"
            >
              <div
                class="noicon"
              />
              <div
                class="menu-name"
              >
                is empty
              </div>
              <div
                class="noicon"
              />
            </div>
            <div
              aria-label="is not empty"
              class="MenuOption TextOption menu-option"
              role="button"
            >
              <div
                class="noicon"
              />
              <div
                class="menu-name"
              >
                is not empty
              </div>
              <div
                class="noicon"
              />
            </div>
          </div>
          <div
            class="menu-spacer hideOnWidescreen"
          />
          <div
            class="menu-options hideOnWidescreen"
          >
            <div
              aria-label="Cancel"
              class="MenuOption TextOption menu-option menu-cancel"
              role="button"
            >
              <div
                class="noicon"
              />
              <div
                class="menu-name"
              >
                Cancel
              </div>
              <div
                class="noicon"
              />
            </div>
          </div>
        </div>
      </div>
    </div>
    <div
      class="octo-spacer"
    />
    <button
      class="Button"
      type="button"
    >
      <span>
        Delete
      </span>
    </button>
  </div>
</div>
`;

exports[`components/viewHeader/filterEntry return filterEntry and click on status 1`] = `
<div>
  <div
    class="FilterEntry"
  >
    <div
      aria-label="menuwrapper"
      class="MenuWrapper"
      role="button"
    >
      <button
        class="Button"
        type="button"
      >
        <span>
          (unknown)
        </span>
      </button>
      <div
        class="Menu noselect bottom"
      >
        <div
          class="menu-contents"
        >
          <div
            class="menu-options"
          >
            <div
              aria-label="Status"
              class="MenuOption TextOption menu-option"
              role="button"
            >
              <div
                class="noicon"
              />
              <div
                class="menu-name"
              >
                Status
              </div>
              <div
                class="noicon"
              />
            </div>
            <div
              aria-label="Property 1"
              class="MenuOption TextOption menu-option"
              role="button"
            >
              <div
                class="noicon"
              />
              <div
                class="menu-name"
              >
                Property 1
              </div>
              <div
                class="noicon"
              />
            </div>
            <div
              aria-label="Property 2"
              class="MenuOption TextOption menu-option"
              role="button"
            >
              <div
                class="noicon"
              />
              <div
                class="menu-name"
              >
                Property 2
              </div>
              <div
                class="noicon"
              />
            </div>
            <div
              aria-label="Property 3"
              class="MenuOption TextOption menu-option"
              role="button"
            >
              <div
                class="noicon"
              />
              <div
                class="menu-name"
              >
                Property 3
              </div>
              <div
                class="noicon"
              />
            </div>
          </div>
          <div
            class="menu-spacer hideOnWidescreen"
          />
          <div
            class="menu-options hideOnWidescreen"
          >
            <div
              aria-label="Cancel"
              class="MenuOption TextOption menu-option menu-cancel"
              role="button"
            >
              <div
                class="noicon"
              />
              <div
                class="menu-name"
              >
                Cancel
              </div>
              <div
                class="noicon"
              />
            </div>
          </div>
        </div>
      </div>
    </div>
    <div
      aria-label="menuwrapper"
      class="MenuWrapper"
      role="button"
    >
      <button
        class="Button"
        type="button"
      >
        <span>
          includes
        </span>
      </button>
    </div>
    <div
      class="octo-spacer"
    />
    <button
      class="Button"
      type="button"
    >
      <span>
        Delete
      </span>
    </button>
  </div>
</div>
`;
