// Jest Snapshot v1, https://goo.gl/fbAQLP

exports[`components/properties/createdBy should match snapshot 1`] = `
<div>
  <div
    class="UserProperty octo-propertyvalue readonly"
  >
    username_1
  </div>
</div>
`;
