// Jest Snapshot v1, https://goo.gl/fbAQLP

exports[`components/viewHeader/viewHeader return viewHeader 1`] = `
<div>
  <span
    class="variable variable"
  >
    <div
      class="ViewHeader "
    >
      <div
        class="MuiTabs-root css-5t1ahk-MuiTabs-root"
      >
        <div
          class="MuiTabs-scroller MuiTabs-fixed css-jpln7h-MuiTabs-scroller"
          style="overflow: hidden; margin-bottom: 0px;"
        >
          <div
            class="MuiTabs-flexContainer css-heg063-MuiTabs-flexContainer"
            role="tablist"
          >
            <button
              class="MuiButtonBase-root MuiTab-root MuiTab-textColorInherit css-1dlgg0k-MuiButtonBase-root-MuiTab-root"
              data-view-id="view-id-1"
              draggable="true"
              role="tab"
              tabindex="-1"
              type="button"
              variant="text"
            >
              <p
                class="MuiTypography-root MuiTypography-body1 css-4d711q-MuiTypography-root"
              >
                <span>
                  <svg
                    class="BoardIcon Icon"
                    fill="currentColor"
                    height="20"
                    viewBox="0 0 24 24"
                    width="20"
                    xmlns="http://www.w3.org/2000/svg"
                  >
                    <g
                      opacity="0.8"
                    >
                      <path
                        clip-rule="evenodd"
                        d="M4 4H20V20H4V4ZM2 4C2 2.89543 2.89543 2 4 2H20C21.1046 2 22 2.89543 22 4V20C22 21.1046 21.1046 22 20 22H4C2.89543 22 2 21.1046 2 20V4ZM8 6H6V12H8V6ZM11 6H13V16H11V6ZM18 6H16V9H18V6Z"
                        fill="currentColor"
                        fill-rule="evenodd"
                      />
                    </g>
                  </svg>
                  view title
                </span>
              </p>
            </button>
          </div>
          <span
            class="MuiTabs-indicator css-1br7sd5-MuiTabs-indicator"
            style="left: 0px; width: 0px;"
          />
        </div>
      </div>
      <div
        class="view-actions MuiBox-root css-37urdo"
      >
        <button
          class="Button IconButton css-w119tu"
          style="width: 28px; height: 28px;"
          type="button"
        >
          <svg
            aria-hidden="true"
            class="MuiSvgIcon-root MuiSvgIcon-colorSecondary MuiSvgIcon-fontSizeSmall css-fq32bd-MuiSvgIcon-root"
            data-testid="AddIcon"
            focusable="false"
            viewBox="0 0 24 24"
          >
            <path
              d="M19 13h-6v6h-2v-6H5v-2h6V5h2v6h6v2z"
            />
          </svg>
        </button>
      </div>
      <div
        class="octo-spacer"
      />
      <div
        class="view-actions MuiBox-root css-0"
      >
        <button
          aria-haspopup="true"
          class="MuiButtonBase-root MuiButton-root MuiButton-text MuiButton-textPrimary MuiButton-sizeSmall MuiButton-textSizeSmall MuiButton-disableElevation MuiButton-root MuiButton-text MuiButton-textPrimary MuiButton-sizeSmall MuiButton-textSizeSmall MuiButton-disableElevation css-16efx8q-MuiButtonBase-root-MuiButton-root"
          tabindex="0"
          type="button"
        >
          Filter
        </button>
        <button
          aria-haspopup="true"
          class="MuiButtonBase-root MuiButton-root MuiButton-text MuiButton-textPrimary MuiButton-sizeSmall MuiButton-textSizeSmall MuiButton-disableElevation MuiButton-root MuiButton-text MuiButton-textPrimary MuiButton-sizeSmall MuiButton-textSizeSmall MuiButton-disableElevation css-16efx8q-MuiButtonBase-root-MuiButton-root"
          tabindex="0"
          type="button"
        >
          Sort
        </button>
        <div
          class="MuiBox-root css-jw1lpn"
        >
          <button
            class="Button IconButton css-w119tu"
            style="width: 32px;"
            type="button"
          >
            <svg
              aria-hidden="true"
              class="MuiSvgIcon-root MuiSvgIcon-fontSizeSmall css-qolhez-MuiSvgIcon-root"
              data-testid="MoreHorizOutlinedIcon"
              focusable="false"
              viewBox="0 0 24 24"
            >
              <path
                d="M6 10c-1.1 0-2 .9-2 2s.9 2 2 2 2-.9 2-2-.9-2-2-2zm12 0c-1.1 0-2 .9-2 2s.9 2 2 2 2-.9 2-2-.9-2-2-2zm-6 0c-1.1 0-2 .9-2 2s.9 2 2 2 2-.9 2-2-.9-2-2-2z"
              />
            </svg>
          </button>
        </div>
        <div
          class="MuiButtonGroup-root MuiButtonGroup-contained MuiButtonGroup-disableElevation css-76ejyv-MuiButtonGroup-root"
          role="group"
        >
          <button
            class="MuiButtonBase-root MuiButton-root MuiButton-contained MuiButton-containedPrimary MuiButton-sizeSmall MuiButton-containedSizeSmall MuiButton-disableElevation MuiButtonGroup-grouped MuiButtonGroup-groupedHorizontal MuiButtonGroup-groupedContained MuiButtonGroup-groupedContainedHorizontal MuiButtonGroup-groupedContainedPrimary MuiButton-root MuiButton-contained MuiButton-containedPrimary MuiButton-sizeSmall MuiButton-containedSizeSmall MuiButton-disableElevation css-1pjzawa-MuiButtonBase-root-MuiButton-root"
            tabindex="0"
            type="button"
          >
            <div
              class="MuiTypography-root MuiTypography-subtitle1 css-15znijn-MuiTypography-root"
            >
              New
            </div>
          </button>
          <button
            class="MuiButtonBase-root MuiButton-root MuiButton-contained MuiButton-containedPrimary MuiButton-sizeSmall MuiButton-containedSizeSmall MuiButton-disableElevation MuiButtonGroup-grouped MuiButtonGroup-groupedHorizontal MuiButtonGroup-groupedContained MuiButtonGroup-groupedContainedHorizontal MuiButtonGroup-groupedContainedPrimary MuiButton-root MuiButton-contained MuiButton-containedPrimary MuiButton-sizeSmall MuiButton-containedSizeSmall MuiButton-disableElevation css-1lvcm06-MuiButtonBase-root-MuiButton-root"
            tabindex="0"
            type="button"
          >
            <svg
              aria-hidden="true"
              class="MuiSvgIcon-root MuiSvgIcon-fontSizeSmall css-qolhez-MuiSvgIcon-root"
              data-testid="KeyboardArrowDownIcon"
              focusable="false"
              viewBox="0 0 24 24"
            >
              <path
                d="M7.41 8.59 12 13.17l4.59-4.58L18 10l-6 6-6-6 1.41-1.41z"
              />
            </svg>
          </button>
        </div>
      </div>
    </div>
  </span>
</div>
`;

exports[`components/viewHeader/viewHeader return viewHeader readonly 1`] = `
<div>
  <span
    class="variable variable"
  >
    <div
      class="ViewHeader "
    >
      <div
        class="MuiTabs-root css-5t1ahk-MuiTabs-root"
      >
        <div
          class="MuiTabs-scroller MuiTabs-fixed css-jpln7h-MuiTabs-scroller"
          style="overflow: hidden; margin-bottom: 0px;"
        >
          <div
            class="MuiTabs-flexContainer css-heg063-MuiTabs-flexContainer"
            role="tablist"
          >
            <button
              class="MuiButtonBase-root MuiTab-root MuiTab-textColorInherit css-1dlgg0k-MuiButtonBase-root-MuiTab-root"
              data-view-id="view-id-1"
              draggable="true"
              role="tab"
              tabindex="-1"
              type="button"
              variant="text"
            >
              <p
                class="MuiTypography-root MuiTypography-body1 css-4d711q-MuiTypography-root"
              >
                <span>
                  <svg
                    class="BoardIcon Icon"
                    fill="currentColor"
                    height="20"
                    viewBox="0 0 24 24"
                    width="20"
                    xmlns="http://www.w3.org/2000/svg"
                  >
                    <g
                      opacity="0.8"
                    >
                      <path
                        clip-rule="evenodd"
                        d="M4 4H20V20H4V4ZM2 4C2 2.89543 2.89543 2 4 2H20C21.1046 2 22 2.89543 22 4V20C22 21.1046 21.1046 22 20 22H4C2.89543 22 2 21.1046 2 20V4ZM8 6H6V12H8V6ZM11 6H13V16H11V6ZM18 6H16V9H18V6Z"
                        fill="currentColor"
                        fill-rule="evenodd"
                      />
                    </g>
                  </svg>
                  view title
                </span>
              </p>
            </button>
          </div>
          <span
            class="MuiTabs-indicator css-1br7sd5-MuiTabs-indicator"
            style="left: 0px; width: 0px;"
          />
        </div>
      </div>
      <div
        class="octo-spacer"
      />
      <div
        class="view-actions MuiBox-root css-0"
      />
    </div>
  </span>
</div>
`;
