// Jest Snapshot v1, https://goo.gl/fbAQLP

exports[`components/table/TableRows should match snapshot, fire events 1`] = `
<div>
  <div
    class="TableRow octo-table-row"
    draggable="true"
    style="opacity: 1;"
  >
    <div
      class="octo-table-cell title-cell"
      id="mainBoardHeader"
      style="width: 100px;"
    >
      <div
        class="octo-icontitle"
      >
        <div
          class="octo-icon"
        >
          i
        </div>
        <input
          class="Editable undefined"
          placeholder="Untitled"
          spellcheck="true"
          title="title"
          value="title"
        />
      </div>
      <div
        class="open-button"
      >
        <button
          class="Button"
          type="button"
        >
          <span>
            Open
          </span>
        </button>
      </div>
    </div>
  </div>
</div>
`;
