// Jest Snapshot v1, https://goo.gl/fbAQLP

exports[`src/components/kanban/kanbanColumn should match snapshot 1`] = `
<div>
  <span
    class="variable variable"
  >
    <div
      class="octo-board-column"
    />
  </span>
</div>
`;
