// Jest Snapshot v1, https://goo.gl/fbAQLP

exports[`src/components/kanban/kanbanColumn should match snapshot 1`] = `
<div>
  <div
    class="octo-board-column"
  />
</div>
`;
