// Jest Snapshot v1, https://goo.gl/fbAQLP

exports[`components/properties/user not readonly 1`] = `
<div>
  <div
    class="UserProperty octo-propertyvalue css-2b097c-container"
  >
    <span
      aria-atomic="false"
      aria-live="polite"
      aria-relevant="additions text"
      class="css-1f43avz-a11yText-A11yText"
    />
    <div
      class="react-select__control css-pwgt1w-Control"
    >
      <div
        class="react-select__value-container react-select__value-container--has-value css-kpfmlq-ValueContainer"
      >
        <div
          class="react-select__single-value css-ciz25-singleValue"
        >
          <div
            class="UserProperty-item"
          >
            username-1
          </div>
        </div>
        <div
          class="css-1shkodo-Input"
        >
          <div
            class="react-select__input"
            style="display: inline-block;"
          >
            <input
              aria-autocomplete="list"
              autocapitalize="none"
              autocomplete="off"
              autocorrect="off"
              id="react-select-3-input"
              spellcheck="false"
              style="box-sizing: content-box; width: 2px; border: 0px; opacity: 1; outline: 0; padding: 0px;"
              tabindex="0"
              type="text"
              value=""
            />
            <div
              style="position: absolute; top: 0px; left: 0px; visibility: hidden; height: 0px; overflow: scroll; white-space: pre; font-family: -webkit-small-control; letter-spacing: normal; text-transform: none;"
            />
          </div>
        </div>
      </div>
      <div
        class="react-select__indicators css-1hb7zxy-IndicatorsContainer"
      >
        <div
          aria-hidden="true"
          class="react-select__indicator react-select__clear-indicator css-tpaeio-indicatorContainer"
        >
          <svg
            aria-hidden="true"
            class="css-tj5bde-Svg"
            focusable="false"
            height="20"
            viewBox="0 0 20 20"
            width="20"
          >
            <path
              d="M14.348 14.849c-0.469 0.469-1.229 0.469-1.697 0l-2.651-3.030-2.651 3.029c-0.469 0.469-1.229 0.469-1.697 0-0.469-0.469-0.469-1.229 0-1.697l2.758-3.15-2.759-3.152c-0.469-0.469-0.469-1.228 0-1.697s1.228-0.469 1.697 0l2.652 3.031 2.651-3.031c0.469-0.469 1.228-0.469 1.697 0s0.469 1.229 0 1.697l-2.758 3.152 2.758 3.15c0.469 0.469 0.469 1.229 0 1.698z"
            />
          </svg>
        </div>
        <span
          class="react-select__indicator-separator css-43ykx9-indicatorSeparator"
        />
        <div
          aria-hidden="true"
          class="react-select__indicator react-select__dropdown-indicator css-19sxey8-indicatorContainer"
        >
          <svg
            aria-hidden="true"
            class="css-tj5bde-Svg"
            focusable="false"
            height="20"
            viewBox="0 0 20 20"
            width="20"
          >
            <path
              d="M4.516 7.548c0.436-0.446 1.043-0.481 1.576 0l3.908 3.747 3.908-3.747c0.533-0.481 1.141-0.446 1.574 0 0.436 0.445 0.408 1.197 0 1.615-0.406 0.418-4.695 4.502-4.695 4.502-0.217 0.223-0.502 0.335-0.787 0.335s-0.57-0.112-0.789-0.335c0 0-4.287-4.084-4.695-4.502s-0.436-1.17 0-1.615z"
            />
          </svg>
        </div>
      </div>
    </div>
  </div>
</div>
`;

exports[`components/properties/user not readonly not existing user 1`] = `
<div>
  <div
    class="UserProperty octo-propertyvalue css-2b097c-container"
  >
    <span
      aria-atomic="false"
      aria-live="polite"
      aria-relevant="additions text"
      class="css-1f43avz-a11yText-A11yText"
    />
    <div
      class="react-select__control css-pwgt1w-Control"
    >
      <div
        class="react-select__value-container css-kpfmlq-ValueContainer"
      >
        <div
          class="react-select__placeholder css-1oswhd8-placeholder"
        >
          Empty
        </div>
        <div
          class="css-1shkodo-Input"
        >
          <div
            class="react-select__input"
            style="display: inline-block;"
          >
            <input
              aria-autocomplete="list"
              autocapitalize="none"
              autocomplete="off"
              autocorrect="off"
              id="react-select-2-input"
              spellcheck="false"
              style="box-sizing: content-box; width: 2px; border: 0px; opacity: 1; outline: 0; padding: 0px;"
              tabindex="0"
              type="text"
              value=""
            />
            <div
              style="position: absolute; top: 0px; left: 0px; visibility: hidden; height: 0px; overflow: scroll; white-space: pre; font-family: -webkit-small-control; letter-spacing: normal; text-transform: none;"
            />
          </div>
        </div>
      </div>
      <div
        class="react-select__indicators css-1hb7zxy-IndicatorsContainer"
      >
        <span
          class="react-select__indicator-separator css-43ykx9-indicatorSeparator"
        />
        <div
          aria-hidden="true"
          class="react-select__indicator react-select__dropdown-indicator css-19sxey8-indicatorContainer"
        >
          <svg
            aria-hidden="true"
            class="css-tj5bde-Svg"
            focusable="false"
            height="20"
            viewBox="0 0 20 20"
            width="20"
          >
            <path
              d="M4.516 7.548c0.436-0.446 1.043-0.481 1.576 0l3.908 3.747 3.908-3.747c0.533-0.481 1.141-0.446 1.574 0 0.436 0.445 0.408 1.197 0 1.615-0.406 0.418-4.695 4.502-4.695 4.502-0.217 0.223-0.502 0.335-0.787 0.335s-0.57-0.112-0.789-0.335c0 0-4.287-4.084-4.695-4.502s-0.436-1.17 0-1.615z"
            />
          </svg>
        </div>
      </div>
    </div>
  </div>
</div>
`;

exports[`components/properties/user readonly view 1`] = `
<div>
  <div
    class="UserProperty octo-propertyvalue readonly"
  >
    username-1
  </div>
</div>
`;

exports[`components/properties/user user dropdown open 1`] = `
<div>
  <div
    class="UserProperty octo-propertyvalue css-2b097c-container"
  >
    <span
      aria-atomic="false"
      aria-live="polite"
      aria-relevant="additions text"
      class="css-1f43avz-a11yText-A11yText"
    >
      <span
        id="aria-selection"
      />
      <span
        id="aria-context"
      >
        option username-1 selected, 1 of 1. 1 result available. Use Up and Down to choose options, press Enter to select the currently focused option, press Escape to exit the menu, press Tab to select the option and exit the menu.
      </span>
    </span>
    <div
      class="react-select__control react-select__control--is-focused react-select__control--menu-is-open css-pwgt1w-Control"
    >
      <div
        class="react-select__value-container react-select__value-container--has-value css-kpfmlq-ValueContainer"
      >
        <div
          class="react-select__single-value css-ciz25-singleValue"
        >
          <div
            class="UserProperty-item"
          >
            username-1
          </div>
        </div>
        <div
          class="css-1shkodo-Input"
        >
          <div
            class="react-select__input"
            style="display: inline-block;"
          >
            <input
              aria-autocomplete="list"
              autocapitalize="none"
              autocomplete="off"
              autocorrect="off"
              id="react-select-4-input"
              spellcheck="false"
              style="box-sizing: content-box; width: 2px; border: 0px; opacity: 1; outline: 0; padding: 0px;"
              tabindex="0"
              type="text"
              value=""
            />
            <div
              style="position: absolute; top: 0px; left: 0px; visibility: hidden; height: 0px; overflow: scroll; white-space: pre; font-family: -webkit-small-control; letter-spacing: normal; text-transform: none;"
            />
          </div>
        </div>
      </div>
      <div
        class="react-select__indicators css-1hb7zxy-IndicatorsContainer"
      >
        <div
          aria-hidden="true"
          class="react-select__indicator react-select__clear-indicator css-13eygzs-indicatorContainer"
        >
          <svg
            aria-hidden="true"
            class="css-tj5bde-Svg"
            focusable="false"
            height="20"
            viewBox="0 0 20 20"
            width="20"
          >
            <path
              d="M14.348 14.849c-0.469 0.469-1.229 0.469-1.697 0l-2.651-3.030-2.651 3.029c-0.469 0.469-1.229 0.469-1.697 0-0.469-0.469-0.469-1.229 0-1.697l2.758-3.15-2.759-3.152c-0.469-0.469-0.469-1.228 0-1.697s1.228-0.469 1.697 0l2.652 3.031 2.651-3.031c0.469-0.469 1.228-0.469 1.697 0s0.469 1.229 0 1.697l-2.758 3.152 2.758 3.15c0.469 0.469 0.469 1.229 0 1.698z"
            />
          </svg>
        </div>
        <span
          class="react-select__indicator-separator css-43ykx9-indicatorSeparator"
        />
        <div
          aria-hidden="true"
          class="react-select__indicator react-select__dropdown-indicator css-hl9mox-indicatorContainer"
        >
          <svg
            aria-hidden="true"
            class="css-tj5bde-Svg"
            focusable="false"
            height="20"
            viewBox="0 0 20 20"
            width="20"
          >
            <path
              d="M4.516 7.548c0.436-0.446 1.043-0.481 1.576 0l3.908 3.747 3.908-3.747c0.533-0.481 1.141-0.446 1.574 0 0.436 0.445 0.408 1.197 0 1.615-0.406 0.418-4.695 4.502-4.695 4.502-0.217 0.223-0.502 0.335-0.787 0.335s-0.57-0.112-0.789-0.335c0 0-4.287-4.084-4.695-4.502s-0.436-1.17 0-1.615z"
            />
          </svg>
        </div>
      </div>
    </div>
    <div
      class="react-select__menu css-l4y5re-menu"
    >
      <div
        class="react-select__menu-list css-g29tl0-MenuList"
      >
        <div
          class="react-select__option react-select__option--is-focused react-select__option--is-selected css-xoibch-option"
          id="react-select-4-option-0"
          tabindex="-1"
        >
          <div
            class="UserProperty-item"
          >
            username-1
          </div>
        </div>
      </div>
    </div>
  </div>
</div>
`;
