// Jest Snapshot v1, https://goo.gl/fbAQLP

exports[`components/table/TableHeaderMenu should match snapshot, title column 1`] = `
<div>
  <span
    class="variable variable"
  >
    <div
      class="octo-table-cell header-cell disable-drag-selection"
      draggable="true"
      style="overflow: unset; width: 100px; opacity: 1; transition: background-color 150ms ease-in-out;"
    >
      <div
        class="MuiStack-root css-19zgtxi-MuiStack-root"
      >
        <div>
          <div>
            <span
              class="Label empty "
            >
              <div
                style="margin-right: 4px; display: flex;"
              >
                <svg
                  aria-hidden="true"
                  class="MuiSvgIcon-root MuiSvgIcon-fontSizeSmall css-fatq9v-MuiSvgIcon-root"
                  data-testid="FormatListBulletedIcon"
                  focusable="false"
                  viewBox="0 0 24 24"
                >
                  <path
                    d="M4 10.5c-.83 0-1.5.67-1.5 1.5s.67 1.5 1.5 1.5 1.5-.67 1.5-1.5-.67-1.5-1.5-1.5zm0-6c-.83 0-1.5.67-1.5 1.5S3.17 7.5 4 7.5 5.5 6.83 5.5 6 4.83 4.5 4 4.5zm0 12c-.83 0-1.5.68-1.5 1.5s.68 1.5 1.5 1.5 1.5-.68 1.5-1.5-.67-1.5-1.5-1.5zM7 19h14v-2H7v2zm0-6h14v-2H7v2zm0-8v2h14V5H7z"
                  />
                </svg>
              </div>
              <span
                aria-label="Property 1"
                class="MuiTypography-root MuiTypography-subtitle1 css-1to5392-MuiTypography-root"
                data-mui-internal-clone-element="true"
              >
                Property 1
              </span>
              <button
                class="MuiButtonBase-root MuiIconButton-root MuiIconButton-colorInherit MuiIconButton-sizeSmall css-10xxybu-MuiButtonBase-root-MuiIconButton-root"
                tabindex="0"
                type="button"
              />
            </span>
          </div>
        </div>
      </div>
      <div
        class="octo-spacer"
      />
      <div
        class="HorizontalGrip"
        draggable="true"
      />
    </div>
  </span>
</div>
`;
