// Jest Snapshot v1, https://goo.gl/fbAQLP

exports[`components/table/TableRow should match snapshot 1`] = `
<div>
  <span
    class="variable variable"
  >
    <div
      class="TableRow octo-table-row"
      data-test="database-row-card-1"
      style="background-color: transparent; opacity: 1; cursor: move;"
    >
      <div
        class="MuiStack-root css-1v111ru-MuiStack-root"
      >
        <div
          class="icons row-actions"
          draggable="true"
          style="padding: 0px;"
        >
          <div
            class="charm-drag-handle disable-drag-selection MuiBox-root css-0"
          >
            <svg
              aria-hidden="true"
              class="MuiSvgIcon-root MuiSvgIcon-colorSecondary MuiSvgIcon-fontSizeMedium css-d1t9d3-MuiSvgIcon-root"
              data-testid="DragIndicatorIcon"
              focusable="false"
              viewBox="0 0 24 24"
            >
              <path
                d="M11 18c0 1.1-.9 2-2 2s-2-.9-2-2 .9-2 2-2 2 .9 2 2m-2-8c-1.1 0-2 .9-2 2s.9 2 2 2 2-.9 2-2-.9-2-2-2m0-6c-1.1 0-2 .9-2 2s.9 2 2 2 2-.9 2-2-.9-2-2-2m6 4c1.1 0 2-.9 2-2s-.9-2-2-2-2 .9-2 2 .9 2 2 2m0 2c-1.1 0-2 .9-2 2s.9 2 2 2 2-.9 2-2-.9-2-2-2m0 6c-1.1 0-2 .9-2 2s.9 2 2 2 2-.9 2-2-.9-2-2-2"
              />
            </svg>
          </div>
        </div>
      </div>
      <div
        class="octo-table-cell title-cell MuiBox-root css-v7v99c"
      >
        <div
          style="display: flex; width: 100%;"
        >
          <div
            class="octo-icontitle"
            style="align-self: flex-start; align-items: flex-start;"
          >
            <div
              class="css-jm1ma0"
            >
              <svg
                aria-hidden="true"
                class="MuiSvgIcon-root MuiSvgIcon-fontSizeMedium css-hvmj5c-MuiSvgIcon-root"
                data-testid="InsertDriveFileOutlinedIcon"
                focusable="false"
                viewBox="0 0 24 24"
              >
                <path
                  d="M14 2H6c-1.1 0-1.99.9-1.99 2L4 20c0 1.1.89 2 1.99 2H18c1.1 0 2-.9 2-2V8zM6 20V4h7v5h5v11z"
                />
              </svg>
            </div>
            <div
              style="width: 100%; height: 100%;"
            >
              <div
                style="height: 100%;"
              >
                <div
                  class="MuiInputBase-root MuiInputBase-colorPrimary MuiInputBase-fullWidth css-2umbt5-MuiInputBase-root"
                  spellcheck="true"
                >
                  <input
                    class="MuiInputBase-input Editable octo-propertyvalue css-yz9k0d-MuiInputBase-input"
                    placeholder="Untitled"
                    type="text"
                    value="Page Title"
                  />
                </div>
              </div>
            </div>
          </div>
          <div
            class="open-button"
            data-test="database-open-button-card-1"
          >
            <button
              class="Button size--small"
              type="button"
            >
              <span>
                Open
              </span>
            </button>
          </div>
        </div>
      </div>
      <div
        class="octo-table-cell"
        style="flex-grow: 1;"
      />
    </div>
  </span>
</div>
`;

exports[`components/table/TableRow should match snapshot, collapsed tree 1`] = `
<div>
  <span
    class="variable variable"
  >
    <div
      class="TableRow octo-table-row hidden"
      data-test="database-row-card-1"
      style="background-color: transparent; opacity: 1; cursor: move;"
    >
      <div
        class="MuiStack-root css-1v111ru-MuiStack-root"
      >
        <div
          class="icons row-actions"
          draggable="true"
          style="padding: 0px;"
        >
          <div
            class="charm-drag-handle disable-drag-selection MuiBox-root css-0"
          >
            <svg
              aria-hidden="true"
              class="MuiSvgIcon-root MuiSvgIcon-colorSecondary MuiSvgIcon-fontSizeMedium css-d1t9d3-MuiSvgIcon-root"
              data-testid="DragIndicatorIcon"
              focusable="false"
              viewBox="0 0 24 24"
            >
              <path
                d="M11 18c0 1.1-.9 2-2 2s-2-.9-2-2 .9-2 2-2 2 .9 2 2m-2-8c-1.1 0-2 .9-2 2s.9 2 2 2 2-.9 2-2-.9-2-2-2m0-6c-1.1 0-2 .9-2 2s.9 2 2 2 2-.9 2-2-.9-2-2-2m6 4c1.1 0 2-.9 2-2s-.9-2-2-2-2 .9-2 2 .9 2 2 2m0 2c-1.1 0-2 .9-2 2s.9 2 2 2 2-.9 2-2-.9-2-2-2m0 6c-1.1 0-2 .9-2 2s.9 2 2 2 2-.9 2-2-.9-2-2-2"
              />
            </svg>
          </div>
        </div>
      </div>
      <div
        class="octo-table-cell title-cell MuiBox-root css-v7v99c"
      >
        <div
          style="display: flex; width: 100%;"
        >
          <div
            class="octo-icontitle"
            style="align-self: flex-start; align-items: flex-start;"
          >
            <div
              class="css-jm1ma0"
            >
              <svg
                aria-hidden="true"
                class="MuiSvgIcon-root MuiSvgIcon-fontSizeMedium css-hvmj5c-MuiSvgIcon-root"
                data-testid="InsertDriveFileOutlinedIcon"
                focusable="false"
                viewBox="0 0 24 24"
              >
                <path
                  d="M14 2H6c-1.1 0-1.99.9-1.99 2L4 20c0 1.1.89 2 1.99 2H18c1.1 0 2-.9 2-2V8zM6 20V4h7v5h5v11z"
                />
              </svg>
            </div>
            <div
              style="width: 100%; height: 100%;"
            >
              <div
                style="height: 100%;"
              >
                <div
                  class="MuiInputBase-root MuiInputBase-colorPrimary MuiInputBase-fullWidth css-2umbt5-MuiInputBase-root"
                  spellcheck="true"
                >
                  <input
                    class="MuiInputBase-input Editable octo-propertyvalue css-yz9k0d-MuiInputBase-input"
                    placeholder="Untitled"
                    type="text"
                    value="Page Title"
                  />
                </div>
              </div>
            </div>
          </div>
          <div
            class="open-button"
            data-test="database-open-button-card-1"
          >
            <button
              class="Button size--small"
              type="button"
            >
              <span>
                Open
              </span>
            </button>
          </div>
        </div>
      </div>
      <div
        class="octo-table-cell"
        style="flex-grow: 1;"
      />
    </div>
  </span>
</div>
`;

exports[`components/table/TableRow should match snapshot, display properties 1`] = `
<div>
  <span
    class="variable variable"
  >
    <div
      class="TableRow octo-table-row hidden"
      data-test="database-row-card-1"
      style="background-color: transparent; opacity: 1; cursor: move;"
    >
      <div
        class="MuiStack-root css-1v111ru-MuiStack-root"
      >
        <div
          class="icons row-actions"
          draggable="true"
          style="padding: 0px;"
        >
          <div
            class="charm-drag-handle disable-drag-selection MuiBox-root css-0"
          >
            <svg
              aria-hidden="true"
              class="MuiSvgIcon-root MuiSvgIcon-colorSecondary MuiSvgIcon-fontSizeMedium css-d1t9d3-MuiSvgIcon-root"
              data-testid="DragIndicatorIcon"
              focusable="false"
              viewBox="0 0 24 24"
            >
              <path
                d="M11 18c0 1.1-.9 2-2 2s-2-.9-2-2 .9-2 2-2 2 .9 2 2m-2-8c-1.1 0-2 .9-2 2s.9 2 2 2 2-.9 2-2-.9-2-2-2m0-6c-1.1 0-2 .9-2 2s.9 2 2 2 2-.9 2-2-.9-2-2-2m6 4c1.1 0 2-.9 2-2s-.9-2-2-2-2 .9-2 2 .9 2 2 2m0 2c-1.1 0-2 .9-2 2s.9 2 2 2 2-.9 2-2-.9-2-2-2m0 6c-1.1 0-2 .9-2 2s.9 2 2 2 2-.9 2-2-.9-2-2-2"
              />
            </svg>
          </div>
        </div>
      </div>
      <div
        class="octo-table-cell title-cell MuiBox-root css-v7v99c"
      >
        <div
          style="display: flex; width: 100%;"
        >
          <div
            class="octo-icontitle"
            style="align-self: flex-start; align-items: flex-start;"
          >
            <div
              class="css-jm1ma0"
            >
              <svg
                aria-hidden="true"
                class="MuiSvgIcon-root MuiSvgIcon-fontSizeMedium css-hvmj5c-MuiSvgIcon-root"
                data-testid="InsertDriveFileOutlinedIcon"
                focusable="false"
                viewBox="0 0 24 24"
              >
                <path
                  d="M14 2H6c-1.1 0-1.99.9-1.99 2L4 20c0 1.1.89 2 1.99 2H18c1.1 0 2-.9 2-2V8zM6 20V4h7v5h5v11z"
                />
              </svg>
            </div>
            <div
              style="width: 100%; height: 100%;"
            >
              <div
                style="height: 100%;"
              >
                <div
                  class="MuiInputBase-root MuiInputBase-colorPrimary MuiInputBase-fullWidth css-2umbt5-MuiInputBase-root"
                  spellcheck="true"
                >
                  <input
                    class="MuiInputBase-input Editable octo-propertyvalue css-yz9k0d-MuiInputBase-input"
                    placeholder="Untitled"
                    type="text"
                    value="Page Title"
                  />
                </div>
              </div>
            </div>
          </div>
          <div
            class="open-button"
            data-test="database-open-button-card-1"
          >
            <button
              class="Button size--small"
              type="button"
            >
              <span>
                Open
              </span>
            </button>
          </div>
        </div>
      </div>
      <div
        class="octo-table-cell"
        style="align-items: flex-start; width: 100px; overflow-x: hidden;"
      >
        <div
          style="width: 100%; height: 100%;"
        >
          <div
            style="height: 100%;"
          >
            <div
              class="MuiStack-root css-1gl94ry-MuiStack-root"
              data-test="closed-select-input"
            >
              <div
                class="MuiStack-root css-1a59yxd-MuiStack-root"
                data-test="select-preview"
              >
                <div
                  class="MuiStack-root css-b3ouwx-MuiStack-root"
                  data-mui-internal-clone-element="true"
                >
                  <div
                    class="MuiChip-root MuiChip-filled MuiChip-sizeSmall MuiChip-colorTurquoise MuiChip-filledTurquoise css-zuoxmo-MuiChip-root"
                  >
                    <span
                      class="MuiChip-label MuiChip-labelSmall css-wjsjww-MuiChip-label"
                    >
                      value 1
                    </span>
                  </div>
                </div>
              </div>
            </div>
          </div>
        </div>
      </div>
      <div
        class="octo-table-cell"
        style="align-items: flex-start; width: 100px; overflow-x: hidden;"
      >
        <div
          style="width: 100%; height: 100%;"
        >
          <div
            style="height: 100%;"
          >
            <div
              class="MuiStack-root css-1gl94ry-MuiStack-root"
              data-test="closed-select-input"
            >
              <div
                class="MuiStack-root css-1a59yxd-MuiStack-root"
                data-test="select-preview"
              >
                <div
                  class="MuiStack-root css-b3ouwx-MuiStack-root"
                  data-mui-internal-clone-element="true"
                />
              </div>
            </div>
          </div>
        </div>
      </div>
      <div
        class="octo-table-cell"
        style="flex-grow: 1;"
      />
    </div>
  </span>
</div>
`;

exports[`components/table/TableRow should match snapshot, isSelected 1`] = `
<div>
  <span
    class="variable variable"
  >
    <div
      class="TableRow octo-table-row selected"
      data-test="database-row-card-1"
      style="background-color: transparent; opacity: 1; cursor: move;"
    >
      <div
        class="MuiStack-root css-1v111ru-MuiStack-root"
      >
        <div
          class="icons row-actions"
          draggable="true"
          style="padding: 0px;"
        >
          <div
            class="charm-drag-handle disable-drag-selection MuiBox-root css-0"
          >
            <svg
              aria-hidden="true"
              class="MuiSvgIcon-root MuiSvgIcon-colorSecondary MuiSvgIcon-fontSizeMedium css-d1t9d3-MuiSvgIcon-root"
              data-testid="DragIndicatorIcon"
              focusable="false"
              viewBox="0 0 24 24"
            >
              <path
                d="M11 18c0 1.1-.9 2-2 2s-2-.9-2-2 .9-2 2-2 2 .9 2 2m-2-8c-1.1 0-2 .9-2 2s.9 2 2 2 2-.9 2-2-.9-2-2-2m0-6c-1.1 0-2 .9-2 2s.9 2 2 2 2-.9 2-2-.9-2-2-2m6 4c1.1 0 2-.9 2-2s-.9-2-2-2-2 .9-2 2 .9 2 2 2m0 2c-1.1 0-2 .9-2 2s.9 2 2 2 2-.9 2-2-.9-2-2-2m0 6c-1.1 0-2 .9-2 2s.9 2 2 2 2-.9 2-2-.9-2-2-2"
              />
            </svg>
          </div>
        </div>
      </div>
      <div
        class="octo-table-cell title-cell MuiBox-root css-v7v99c"
      >
        <div
          style="display: flex; width: 100%;"
        >
          <div
            class="octo-icontitle"
            style="align-self: flex-start; align-items: flex-start;"
          >
            <div
              class="css-jm1ma0"
            >
              <svg
                aria-hidden="true"
                class="MuiSvgIcon-root MuiSvgIcon-fontSizeMedium css-hvmj5c-MuiSvgIcon-root"
                data-testid="InsertDriveFileOutlinedIcon"
                focusable="false"
                viewBox="0 0 24 24"
              >
                <path
                  d="M14 2H6c-1.1 0-1.99.9-1.99 2L4 20c0 1.1.89 2 1.99 2H18c1.1 0 2-.9 2-2V8zM6 20V4h7v5h5v11z"
                />
              </svg>
            </div>
            <div
              style="width: 100%; height: 100%;"
            >
              <div
                style="height: 100%;"
              >
                <div
                  class="MuiInputBase-root MuiInputBase-colorPrimary MuiInputBase-fullWidth css-2umbt5-MuiInputBase-root"
                  spellcheck="true"
                >
                  <input
                    class="MuiInputBase-input Editable octo-propertyvalue css-yz9k0d-MuiInputBase-input"
                    placeholder="Untitled"
                    type="text"
                    value="Page Title"
                  />
                </div>
              </div>
            </div>
          </div>
          <div
            class="open-button"
            data-test="database-open-button-card-1"
          >
            <button
              class="Button size--small"
              type="button"
            >
              <span>
                Open
              </span>
            </button>
          </div>
        </div>
      </div>
      <div
        class="octo-table-cell"
        style="flex-grow: 1;"
      />
    </div>
  </span>
</div>
`;

exports[`components/table/TableRow should match snapshot, read-only 1`] = `
<div>
  <span
    class="variable variable"
  >
    <div
      class="TableRow octo-table-row"
      data-test="database-row-card-1"
      style="background-color: transparent; opacity: 1; cursor: default;"
    >
      <div
        class="octo-table-cell title-cell MuiBox-root css-v7v99c"
      >
        <div
          style="display: flex; width: 100%;"
        >
          <div
            class="octo-icontitle"
            style="align-self: flex-start; align-items: flex-start;"
          >
            <div
              class="css-jm1ma0"
            >
              <svg
                aria-hidden="true"
                class="MuiSvgIcon-root MuiSvgIcon-fontSizeMedium css-hvmj5c-MuiSvgIcon-root"
                data-testid="InsertDriveFileOutlinedIcon"
                focusable="false"
                viewBox="0 0 24 24"
              >
                <path
                  d="M14 2H6c-1.1 0-1.99.9-1.99 2L4 20c0 1.1.89 2 1.99 2H18c1.1 0 2-.9 2-2V8zM6 20V4h7v5h5v11z"
                />
              </svg>
            </div>
            <div
              style="width: 100%; height: 100%;"
            >
              <div
                style="height: 100%;"
              >
                <div
                  class="MuiInputBase-root MuiInputBase-colorPrimary MuiInputBase-fullWidth Mui-readOnly MuiInputBase-readOnly css-2umbt5-MuiInputBase-root"
                  spellcheck="true"
                >
                  <input
                    class="MuiInputBase-input Mui-readOnly Editable readonly octo-propertyvalue MuiInputBase-readOnly css-yz9k0d-MuiInputBase-input"
                    placeholder="Untitled"
                    readonly=""
                    type="text"
                    value="Page Title"
                  />
                </div>
              </div>
            </div>
          </div>
          <div
            class="open-button"
            data-test="database-open-button-card-1"
          >
            <button
              class="Button size--small"
              type="button"
            >
              <span>
                Open
              </span>
            </button>
          </div>
        </div>
      </div>
      <div
        class="octo-table-cell"
        style="flex-grow: 1;"
      />
    </div>
  </span>
</div>
`;

exports[`components/table/TableRow should match snapshot, resizing column 1`] = `
<div>
  <span
    class="variable variable"
  >
    <div
      class="TableRow octo-table-row hidden"
      data-test="database-row-card-1"
      style="background-color: transparent; opacity: 1; cursor: move;"
    >
      <div
        class="MuiStack-root css-1v111ru-MuiStack-root"
      >
        <div
          class="icons row-actions"
          draggable="true"
          style="padding: 0px;"
        >
          <div
            class="charm-drag-handle disable-drag-selection MuiBox-root css-0"
          >
            <svg
              aria-hidden="true"
              class="MuiSvgIcon-root MuiSvgIcon-colorSecondary MuiSvgIcon-fontSizeMedium css-d1t9d3-MuiSvgIcon-root"
              data-testid="DragIndicatorIcon"
              focusable="false"
              viewBox="0 0 24 24"
            >
              <path
                d="M11 18c0 1.1-.9 2-2 2s-2-.9-2-2 .9-2 2-2 2 .9 2 2m-2-8c-1.1 0-2 .9-2 2s.9 2 2 2 2-.9 2-2-.9-2-2-2m0-6c-1.1 0-2 .9-2 2s.9 2 2 2 2-.9 2-2-.9-2-2-2m6 4c1.1 0 2-.9 2-2s-.9-2-2-2-2 .9-2 2 .9 2 2 2m0 2c-1.1 0-2 .9-2 2s.9 2 2 2 2-.9 2-2-.9-2-2-2m0 6c-1.1 0-2 .9-2 2s.9 2 2 2 2-.9 2-2-.9-2-2-2"
              />
            </svg>
          </div>
        </div>
      </div>
      <div
        class="octo-table-cell title-cell MuiBox-root css-v7v99c"
      >
        <div
          style="display: flex; width: 100%;"
        >
          <div
            class="octo-icontitle"
            style="align-self: flex-start; align-items: flex-start;"
          >
            <div
              class="css-jm1ma0"
            >
              <svg
                aria-hidden="true"
                class="MuiSvgIcon-root MuiSvgIcon-fontSizeMedium css-hvmj5c-MuiSvgIcon-root"
                data-testid="InsertDriveFileOutlinedIcon"
                focusable="false"
                viewBox="0 0 24 24"
              >
                <path
                  d="M14 2H6c-1.1 0-1.99.9-1.99 2L4 20c0 1.1.89 2 1.99 2H18c1.1 0 2-.9 2-2V8zM6 20V4h7v5h5v11z"
                />
              </svg>
            </div>
            <div
              style="width: 100%; height: 100%;"
            >
              <div
                style="height: 100%;"
              >
                <div
                  class="MuiInputBase-root MuiInputBase-colorPrimary MuiInputBase-fullWidth css-2umbt5-MuiInputBase-root"
                  spellcheck="true"
                >
                  <input
                    class="MuiInputBase-input Editable octo-propertyvalue css-yz9k0d-MuiInputBase-input"
                    placeholder="Untitled"
                    type="text"
                    value="Page Title"
                  />
                </div>
              </div>
            </div>
          </div>
          <div
            class="open-button"
            data-test="database-open-button-card-1"
          >
            <button
              class="Button size--small"
              type="button"
            >
              <span>
                Open
              </span>
            </button>
          </div>
        </div>
      </div>
      <div
        class="octo-table-cell"
        style="align-items: flex-start; width: 100px; overflow-x: hidden;"
      >
        <div
          style="width: 100%; height: 100%;"
        >
          <div
            style="height: 100%;"
          >
            <div
              class="MuiStack-root css-1gl94ry-MuiStack-root"
              data-test="closed-select-input"
            >
              <div
                class="MuiStack-root css-1a59yxd-MuiStack-root"
                data-test="select-preview"
              >
                <div
                  class="MuiStack-root css-b3ouwx-MuiStack-root"
                  data-mui-internal-clone-element="true"
                >
                  <div
                    class="MuiChip-root MuiChip-filled MuiChip-sizeSmall MuiChip-colorTurquoise MuiChip-filledTurquoise css-zuoxmo-MuiChip-root"
                  >
                    <span
                      class="MuiChip-label MuiChip-labelSmall css-wjsjww-MuiChip-label"
                    >
                      value 1
                    </span>
                  </div>
                </div>
              </div>
            </div>
          </div>
        </div>
      </div>
      <div
        class="octo-table-cell"
        style="align-items: flex-start; width: 100px; overflow-x: hidden;"
      >
        <div
          style="width: 100%; height: 100%;"
        >
          <div
            style="height: 100%;"
          >
            <div
              class="MuiStack-root css-1gl94ry-MuiStack-root"
              data-test="closed-select-input"
            >
              <div
                class="MuiStack-root css-1a59yxd-MuiStack-root"
                data-test="select-preview"
              >
                <div
                  class="MuiStack-root css-b3ouwx-MuiStack-root"
                  data-mui-internal-clone-element="true"
                />
              </div>
            </div>
          </div>
        </div>
      </div>
      <div
        class="octo-table-cell"
        style="flex-grow: 1;"
      />
    </div>
  </span>
</div>
`;
